Component: ARM Compiler 5.06 update 6 (build 750) Tool: armlink [4d35ed]

==============================================================================

Section Cross References

    gpio.o(i.gpio_interrupt_enable) refers to gpio.o(i.__NVIC_SetPriority) for __NVIC_SetPriority
    gpio.o(i.gpio_interrupt_enable) refers to gpio.o(i.__NVIC_EnableIRQ) for __NVIC_EnableIRQ
    spi.o(i.MasterReceiveFromInterrupt) refers to spi.o(i.spi_delay) for spi_delay
    spi.o(i.MasterReceiveFromInterrupt) refers to spi.o(i.SPI_InterruptMask) for SPI_InterruptMask
    spi.o(i.MastersendFromInterrupt) refers to spi.o(i.SPI_InterruptStatus) for SPI_InterruptStatus
    spi.o(i.MastersendFromInterrupt) refers to spi.o(i.SPI_InterruptMask) for SPI_InterruptMask
    spi.o(i.SPI_Gpio_configure) refers to gpio.o(i.gpio_digital_enable) for gpio_digital_enable
    spi.o(i.SPI_Gpio_configure) refers to gpio.o(i.gpio_set_mode) for gpio_set_mode
    spi.o(i.SPI_Gpio_configure) refers to gpio.o(i.gpio_set_alternateFunction) for gpio_set_alternateFunction
    spi.o(i.SPI_Init) refers to spi.o(i.SPI_Gpio_configure) for SPI_Gpio_configure
    spi.o(i.SPI_Init) refers to spi.o(i.SPI_Disable) for SPI_Disable
    spi.o(i.SPI_Init) refers to spi.o(i.SPI_MasterSlave_Set) for SPI_MasterSlave_Set
    spi.o(i.SPI_Init) refers to spi.o(i.SPI_ClockSource_Set) for SPI_ClockSource_Set
    spi.o(i.SPI_Init) refers to spi.o(i.SPI_ClockDivider_Set) for SPI_ClockDivider_Set
    spi.o(i.SPI_Init) refers to spi.o(i.SPI_FrameFormat_Set) for SPI_FrameFormat_Set
    spi.o(i.SPI_Init) refers to spi.o(i.SPI_ClockPolarityPhase_set) for SPI_ClockPolarityPhase_set
    spi.o(i.SPI_Init) refers to spi.o(i.SPI_DataSize_set) for SPI_DataSize_set
    spi.o(i.SPI_Init) refers to spi.o(i.SPI_Enable) for SPI_Enable
    spi.o(i.SPI_Init) refers to spi.o(.bss) for spihandler
    spi.o(i.SPI_Interrupt_Disable) refers to spi.o(.data) for interruptHandler
    spi.o(i.SPI_Interrupt_Enable) refers to spi.o(.data) for interruptHandler
    spi.o(i.SPI_Master_Receive) refers to spi.o(i.spi_delay) for spi_delay
    spi.o(i.SPI_Master_Start_Receive) refers to spi.o(i.spi_delay) for spi_delay
    spi.o(i.SPI_Master_Start_Receive) refers to spi.o(i.SPI_InterruptUnMask) for SPI_InterruptUnMask
    spi.o(i.SPI_Master_Start_Receive) refers to spi.o(i.SPI_Interrupt_Enable) for SPI_Interrupt_Enable
    spi.o(i.SPI_Master_Start_Trasnmit) refers to spi.o(i.SPI_Interrupt_Enable) for SPI_Interrupt_Enable
    spi.o(i.SPI_Master_Start_Trasnmit) refers to spi.o(i.SPI_InterruptUnMask) for SPI_InterruptUnMask
    spi.o(i.SPI_Slave_Receive) refers to spi.o(i.spi_delay) for spi_delay
    spi.o(i.SPI_Slave_Start_Receive) refers to spi.o(i.SPI_InterruptUnMask) for SPI_InterruptUnMask
    spi.o(i.SPI_Slave_Start_Receive) refers to spi.o(i.SPI_Interrupt_Enable) for SPI_Interrupt_Enable
    spi.o(i.SPI_Slave_Start_Transmit) refers to spi.o(i.SPI_Interrupt_Enable) for SPI_Interrupt_Enable
    spi.o(i.SPI_Slave_Start_Transmit) refers to spi.o(i.SPI_InterruptUnMask) for SPI_InterruptUnMask
    spi.o(i.SSI0_Handler) refers to spi.o(i.SPI_InterruptStatus) for SPI_InterruptStatus
    spi.o(i.SSI0_Handler) refers to spi.o(i.MastersendFromInterrupt) for MastersendFromInterrupt
    spi.o(i.SSI0_Handler) refers to spi.o(i.MasterReceiveFromInterrupt) for MasterReceiveFromInterrupt
    spi.o(i.SSI0_Handler) refers to spi.o(i.SlaveReceiveFromInterrupt) for SlaveReceiveFromInterrupt
    spi.o(i.SSI0_Handler) refers to spi.o(i.SlaveTransmitFromInterrupt) for SlaveTransmitFromInterrupt
    spi.o(i.SSI0_Handler) refers to spi.o(.bss) for spihandler
    spi.o(i.SSI1_Handler) refers to spi.o(i.SPI_InterruptStatus) for SPI_InterruptStatus
    spi.o(i.SSI1_Handler) refers to spi.o(i.MastersendFromInterrupt) for MastersendFromInterrupt
    spi.o(i.SSI1_Handler) refers to spi.o(i.MasterReceiveFromInterrupt) for MasterReceiveFromInterrupt
    spi.o(i.SSI1_Handler) refers to spi.o(i.SlaveReceiveFromInterrupt) for SlaveReceiveFromInterrupt
    spi.o(i.SSI1_Handler) refers to spi.o(i.SlaveTransmitFromInterrupt) for SlaveTransmitFromInterrupt
    spi.o(i.SSI1_Handler) refers to spi.o(.bss) for spihandler
    spi.o(i.SSI2_Handler) refers to spi.o(i.SPI_InterruptStatus) for SPI_InterruptStatus
    spi.o(i.SSI2_Handler) refers to spi.o(i.MastersendFromInterrupt) for MastersendFromInterrupt
    spi.o(i.SSI2_Handler) refers to spi.o(i.MasterReceiveFromInterrupt) for MasterReceiveFromInterrupt
    spi.o(i.SSI2_Handler) refers to spi.o(i.SlaveReceiveFromInterrupt) for SlaveReceiveFromInterrupt
    spi.o(i.SSI2_Handler) refers to spi.o(i.SlaveTransmitFromInterrupt) for SlaveTransmitFromInterrupt
    spi.o(i.SSI2_Handler) refers to spi.o(.bss) for spihandler
    spi.o(i.SSI3_Handler) refers to spi.o(i.SPI_InterruptStatus) for SPI_InterruptStatus
    spi.o(i.SSI3_Handler) refers to spi.o(i.MastersendFromInterrupt) for MastersendFromInterrupt
    spi.o(i.SSI3_Handler) refers to spi.o(i.MasterReceiveFromInterrupt) for MasterReceiveFromInterrupt
    spi.o(i.SSI3_Handler) refers to spi.o(i.SlaveReceiveFromInterrupt) for SlaveReceiveFromInterrupt
    spi.o(i.SSI3_Handler) refers to spi.o(i.SlaveTransmitFromInterrupt) for SlaveTransmitFromInterrupt
    spi.o(i.SSI3_Handler) refers to spi.o(.bss) for spihandler
    spi.o(i.SlaveReceiveFromInterrupt) refers to spi.o(i.SPI_InterruptStatus) for SPI_InterruptStatus
    spi.o(i.SlaveReceiveFromInterrupt) refers to spi.o(i.SPI_InterruptMask) for SPI_InterruptMask
    spi.o(i.SlaveTransmitFromInterrupt) refers to spi.o(i.SPI_InterruptMask) for SPI_InterruptMask
    main.o(i.main) refers to gpio.o(i.gpio_digital_enable) for gpio_digital_enable
    main.o(i.main) refers to gpio.o(i.gpio_set_direction) for gpio_set_direction
    main.o(i.main) refers to spi.o(i.SPI_Init) for SPI_Init
    main.o(i.main) refers to strlen.o(.text) for strlen
    main.o(i.main) refers to spi.o(i.SPI_Slave_Transmit) for SPI_Slave_Transmit
    main.o(i.main) refers to main.o(.bss) for spi
    main.o(i.main) refers to main.o(.data) for tx
    startup_tm4c123.o(STACK) refers (Special) to heapauxi.o(.text) for __use_two_region_memory
    startup_tm4c123.o(HEAP) refers (Special) to heapauxi.o(.text) for __use_two_region_memory
    startup_tm4c123.o(RESET) refers (Special) to heapauxi.o(.text) for __use_two_region_memory
    startup_tm4c123.o(RESET) refers to startup_tm4c123.o(STACK) for __initial_sp
    startup_tm4c123.o(RESET) refers to startup_tm4c123.o(.text) for Reset_Handler
    startup_tm4c123.o(RESET) refers to spi.o(i.SSI0_Handler) for SSI0_Handler
    startup_tm4c123.o(RESET) refers to spi.o(i.SSI1_Handler) for SSI1_Handler
    startup_tm4c123.o(RESET) refers to spi.o(i.SSI2_Handler) for SSI2_Handler
    startup_tm4c123.o(RESET) refers to spi.o(i.SSI3_Handler) for SSI3_Handler
    startup_tm4c123.o(.text) refers (Special) to heapauxi.o(.text) for __use_two_region_memory
    startup_tm4c123.o(.text) refers to system_tm4c123.o(i.SystemInit) for SystemInit
    startup_tm4c123.o(.text) refers to __main.o(!!!main) for __main
    startup_tm4c123.o(.text) refers to startup_tm4c123.o(HEAP) for Heap_Mem
    startup_tm4c123.o(.text) refers to startup_tm4c123.o(STACK) for Stack_Mem
    system_tm4c123.o(i.SystemCoreClockUpdate) refers to system_tm4c123.o(i.getOscClk) for getOscClk
    system_tm4c123.o(i.SystemCoreClockUpdate) refers to system_tm4c123.o(.data) for SystemCoreClock
    __main.o(!!!main) refers to __rtentry.o(.ARM.Collect$$rtentry$$00000000) for __rt_entry
    __rtentry.o(.ARM.Collect$$rtentry$$00000000) refers (Special) to __rtentry2.o(.ARM.Collect$$rtentry$$0000000A) for __rt_entry_li
    __rtentry.o(.ARM.Collect$$rtentry$$00000000) refers (Special) to __rtentry2.o(.ARM.Collect$$rtentry$$0000000D) for __rt_entry_main
    __rtentry.o(.ARM.Collect$$rtentry$$00000000) refers (Special) to __rtentry2.o(.ARM.Collect$$rtentry$$0000000C) for __rt_entry_postli_1
    __rtentry.o(.ARM.Collect$$rtentry$$00000000) refers (Special) to __rtentry2.o(.ARM.Collect$$rtentry$$00000009) for __rt_entry_postsh_1
    __rtentry.o(.ARM.Collect$$rtentry$$00000000) refers (Special) to __rtentry2.o(.ARM.Collect$$rtentry$$00000002) for __rt_entry_presh_1
    __rtentry.o(.ARM.Collect$$rtentry$$00000000) refers (Special) to __rtentry4.o(.ARM.Collect$$rtentry$$00000004) for __rt_entry_sh
    __rtentry2.o(.ARM.Collect$$rtentry$$00000008) refers to boardinit2.o(.text) for _platform_post_stackheap_init
    __rtentry2.o(.ARM.Collect$$rtentry$$0000000A) refers to libinit.o(.ARM.Collect$$libinit$$00000000) for __rt_lib_init
    __rtentry2.o(.ARM.Collect$$rtentry$$0000000B) refers to boardinit3.o(.text) for _platform_post_lib_init
    __rtentry2.o(.ARM.Collect$$rtentry$$0000000D) refers to main.o(i.main) for main
    __rtentry2.o(.ARM.Collect$$rtentry$$0000000D) refers to exit.o(.text) for exit
    __rtentry2.o(.ARM.exidx) refers to __rtentry2.o(.ARM.Collect$$rtentry$$00000001) for .ARM.Collect$$rtentry$$00000001
    __rtentry2.o(.ARM.exidx) refers to __rtentry2.o(.ARM.Collect$$rtentry$$00000008) for .ARM.Collect$$rtentry$$00000008
    __rtentry2.o(.ARM.exidx) refers to __rtentry2.o(.ARM.Collect$$rtentry$$0000000A) for .ARM.Collect$$rtentry$$0000000A
    __rtentry2.o(.ARM.exidx) refers to __rtentry2.o(.ARM.Collect$$rtentry$$0000000B) for .ARM.Collect$$rtentry$$0000000B
    __rtentry2.o(.ARM.exidx) refers to __rtentry2.o(.ARM.Collect$$rtentry$$0000000D) for .ARM.Collect$$rtentry$$0000000D
    __rtentry4.o(.ARM.Collect$$rtentry$$00000004) refers to sys_stackheap_outer.o(.text) for __user_setup_stackheap
    __rtentry4.o(.ARM.exidx) refers to __rtentry4.o(.ARM.Collect$$rtentry$$00000004) for .ARM.Collect$$rtentry$$00000004
    sys_stackheap_outer.o(.text) refers to libspace.o(.text) for __user_perproc_libspace
    sys_stackheap_outer.o(.text) refers to startup_tm4c123.o(.text) for __user_initial_stackheap
    exit.o(.text) refers to rtexit.o(.ARM.Collect$$rtexit$$00000000) for __rt_exit
    libinit.o(.ARM.Collect$$libinit$$00000000) refers (Special) to libinit2.o(.ARM.Collect$$libinit$$0000002E) for __rt_lib_init_alloca_1
    libinit.o(.ARM.Collect$$libinit$$00000000) refers (Special) to libinit2.o(.ARM.Collect$$libinit$$0000002C) for __rt_lib_init_argv_1
    libinit.o(.ARM.Collect$$libinit$$00000000) refers (Special) to libinit2.o(.ARM.Collect$$libinit$$0000001B) for __rt_lib_init_atexit_1
    libinit.o(.ARM.Collect$$libinit$$00000000) refers (Special) to libinit2.o(.ARM.Collect$$libinit$$00000021) for __rt_lib_init_clock_1
    libinit.o(.ARM.Collect$$libinit$$00000000) refers (Special) to libinit2.o(.ARM.Collect$$libinit$$00000032) for __rt_lib_init_cpp_1
    libinit.o(.ARM.Collect$$libinit$$00000000) refers (Special) to libinit2.o(.ARM.Collect$$libinit$$00000030) for __rt_lib_init_exceptions_1
    libinit.o(.ARM.Collect$$libinit$$00000000) refers (Special) to libinit2.o(.ARM.Collect$$libinit$$00000001) for __rt_lib_init_fp_1
    libinit.o(.ARM.Collect$$libinit$$00000000) refers (Special) to libinit2.o(.ARM.Collect$$libinit$$0000001F) for __rt_lib_init_fp_trap_1
    libinit.o(.ARM.Collect$$libinit$$00000000) refers (Special) to libinit2.o(.ARM.Collect$$libinit$$00000023) for __rt_lib_init_getenv_1
    libinit.o(.ARM.Collect$$libinit$$00000000) refers (Special) to libinit2.o(.ARM.Collect$$libinit$$0000000A) for __rt_lib_init_heap_1
    libinit.o(.ARM.Collect$$libinit$$00000000) refers (Special) to libinit2.o(.ARM.Collect$$libinit$$00000011) for __rt_lib_init_lc_collate_1
    libinit.o(.ARM.Collect$$libinit$$00000000) refers (Special) to libinit2.o(.ARM.Collect$$libinit$$00000013) for __rt_lib_init_lc_ctype_1
    libinit.o(.ARM.Collect$$libinit$$00000000) refers (Special) to libinit2.o(.ARM.Collect$$libinit$$00000015) for __rt_lib_init_lc_monetary_1
    libinit.o(.ARM.Collect$$libinit$$00000000) refers (Special) to libinit2.o(.ARM.Collect$$libinit$$00000017) for __rt_lib_init_lc_numeric_1
    libinit.o(.ARM.Collect$$libinit$$00000000) refers (Special) to libinit2.o(.ARM.Collect$$libinit$$00000019) for __rt_lib_init_lc_time_1
    libinit.o(.ARM.Collect$$libinit$$00000000) refers (Special) to libinit2.o(.ARM.Collect$$libinit$$00000004) for __rt_lib_init_preinit_1
    libinit.o(.ARM.Collect$$libinit$$00000000) refers (Special) to libinit2.o(.ARM.Collect$$libinit$$0000000E) for __rt_lib_init_rand_1
    libinit.o(.ARM.Collect$$libinit$$00000000) refers (Special) to libinit2.o(.ARM.Collect$$libinit$$00000033) for __rt_lib_init_return
    libinit.o(.ARM.Collect$$libinit$$00000000) refers (Special) to libinit2.o(.ARM.Collect$$libinit$$0000001D) for __rt_lib_init_signal_1
    libinit.o(.ARM.Collect$$libinit$$00000000) refers (Special) to libinit2.o(.ARM.Collect$$libinit$$00000025) for __rt_lib_init_stdio_1
    libinit.o(.ARM.Collect$$libinit$$00000000) refers (Special) to libinit2.o(.ARM.Collect$$libinit$$0000000C) for __rt_lib_init_user_alloc_1
    libspace.o(.text) refers to libspace.o(.bss) for __libspace_start
    rtexit.o(.ARM.Collect$$rtexit$$00000000) refers (Special) to rtexit2.o(.ARM.Collect$$rtexit$$00000004) for __rt_exit_exit
    rtexit.o(.ARM.Collect$$rtexit$$00000000) refers (Special) to rtexit2.o(.ARM.Collect$$rtexit$$00000003) for __rt_exit_ls
    rtexit.o(.ARM.Collect$$rtexit$$00000000) refers (Special) to rtexit2.o(.ARM.Collect$$rtexit$$00000002) for __rt_exit_prels_1
    rtexit.o(.ARM.exidx) refers (Special) to rtexit2.o(.ARM.Collect$$rtexit$$00000004) for __rt_exit_exit
    rtexit.o(.ARM.exidx) refers (Special) to rtexit2.o(.ARM.Collect$$rtexit$$00000003) for __rt_exit_ls
    rtexit.o(.ARM.exidx) refers (Special) to rtexit2.o(.ARM.Collect$$rtexit$$00000002) for __rt_exit_prels_1
    rtexit.o(.ARM.exidx) refers to rtexit.o(.ARM.Collect$$rtexit$$00000000) for .ARM.Collect$$rtexit$$00000000
    libinit2.o(.ARM.Collect$$libinit$$00000001) refers to fpinit.o(x$fpl$fpinit) for _fp_init
    libinit2.o(.ARM.Collect$$libinit$$00000010) refers to libinit2.o(.ARM.Collect$$libinit$$0000000F) for .ARM.Collect$$libinit$$0000000F
    libinit2.o(.ARM.Collect$$libinit$$00000012) refers to libinit2.o(.ARM.Collect$$libinit$$0000000F) for .ARM.Collect$$libinit$$0000000F
    libinit2.o(.ARM.Collect$$libinit$$00000014) refers to libinit2.o(.ARM.Collect$$libinit$$0000000F) for .ARM.Collect$$libinit$$0000000F
    libinit2.o(.ARM.Collect$$libinit$$00000016) refers to libinit2.o(.ARM.Collect$$libinit$$0000000F) for .ARM.Collect$$libinit$$0000000F
    libinit2.o(.ARM.Collect$$libinit$$00000018) refers to libinit2.o(.ARM.Collect$$libinit$$0000000F) for .ARM.Collect$$libinit$$0000000F
    libinit2.o(.ARM.Collect$$libinit$$00000026) refers to argv_veneer.o(.emb_text) for __ARM_argv_veneer
    libinit2.o(.ARM.Collect$$libinit$$00000027) refers to argv_veneer.o(.emb_text) for __ARM_argv_veneer
    rtexit2.o(.ARM.Collect$$rtexit$$00000003) refers to libshutdown.o(.ARM.Collect$$libshutdown$$00000000) for __rt_lib_shutdown
    rtexit2.o(.ARM.Collect$$rtexit$$00000004) refers to sys_exit.o(.text) for _sys_exit
    rtexit2.o(.ARM.exidx) refers to rtexit2.o(.ARM.Collect$$rtexit$$00000001) for .ARM.Collect$$rtexit$$00000001
    rtexit2.o(.ARM.exidx) refers to rtexit2.o(.ARM.Collect$$rtexit$$00000003) for .ARM.Collect$$rtexit$$00000003
    rtexit2.o(.ARM.exidx) refers to rtexit2.o(.ARM.Collect$$rtexit$$00000004) for .ARM.Collect$$rtexit$$00000004
    argv_veneer.o(.emb_text) refers to no_argv.o(.text) for __ARM_get_argv
    sys_exit.o(.text) refers (Special) to use_no_semi.o(.text) for __I$use$semihosting
    sys_exit.o(.text) refers (Special) to indicate_semi.o(.text) for __semihosting_library_function
    _get_argv_nomalloc.o(.text) refers (Special) to hrguard.o(.text) for __heap_region$guard
    _get_argv_nomalloc.o(.text) refers to defsig_rtmem_outer.o(.text) for __rt_SIGRTMEM
    _get_argv_nomalloc.o(.text) refers to sys_command.o(.text) for _sys_command_string
    libshutdown.o(.ARM.Collect$$libshutdown$$00000000) refers (Special) to libshutdown2.o(.ARM.Collect$$libshutdown$$00000002) for __rt_lib_shutdown_cpp_1
    libshutdown.o(.ARM.Collect$$libshutdown$$00000000) refers (Special) to libshutdown2.o(.ARM.Collect$$libshutdown$$00000007) for __rt_lib_shutdown_fp_trap_1
    libshutdown.o(.ARM.Collect$$libshutdown$$00000000) refers (Special) to libshutdown2.o(.ARM.Collect$$libshutdown$$0000000F) for __rt_lib_shutdown_heap_1
    libshutdown.o(.ARM.Collect$$libshutdown$$00000000) refers (Special) to libshutdown2.o(.ARM.Collect$$libshutdown$$00000010) for __rt_lib_shutdown_return
    libshutdown.o(.ARM.Collect$$libshutdown$$00000000) refers (Special) to libshutdown2.o(.ARM.Collect$$libshutdown$$0000000A) for __rt_lib_shutdown_signal_1
    libshutdown.o(.ARM.Collect$$libshutdown$$00000000) refers (Special) to libshutdown2.o(.ARM.Collect$$libshutdown$$00000004) for __rt_lib_shutdown_stdio_1
    libshutdown.o(.ARM.Collect$$libshutdown$$00000000) refers (Special) to libshutdown2.o(.ARM.Collect$$libshutdown$$0000000C) for __rt_lib_shutdown_user_alloc_1
    sys_command.o(.text) refers (Special) to use_no_semi.o(.text) for __I$use$semihosting
    sys_command.o(.text) refers (Special) to indicate_semi.o(.text) for __semihosting_library_function
    defsig_rtmem_outer.o(.text) refers to defsig_rtmem_inner.o(.text) for __rt_SIGRTMEM_inner
    defsig_rtmem_outer.o(.text) refers to defsig_exit.o(.text) for __sig_exit
    defsig_rtmem_formal.o(.text) refers to rt_raise.o(.text) for __rt_raise
    rt_raise.o(.text) refers to __raise.o(.text) for __raise
    rt_raise.o(.text) refers to sys_exit.o(.text) for _sys_exit
    defsig_exit.o(.text) refers to sys_exit.o(.text) for _sys_exit
    defsig_rtmem_inner.o(.text) refers to defsig_general.o(.text) for __default_signal_display
    __raise.o(.text) refers to defsig.o(CL$$defsig) for __default_signal_handler
    defsig_general.o(.text) refers to sys_wrch.o(.text) for _ttywrch
    sys_wrch.o(.text) refers (Special) to use_no_semi.o(.text) for __I$use$semihosting
    sys_wrch.o(.text) refers (Special) to indicate_semi.o(.text) for __semihosting_library_function
    defsig.o(CL$$defsig) refers to defsig_rtmem_inner.o(.text) for __rt_SIGRTMEM_inner
    defsig_abrt_inner.o(.text) refers to defsig_general.o(.text) for __default_signal_display
    defsig_fpe_inner.o(.text) refers to defsig_general.o(.text) for __default_signal_display
    defsig_rtred_inner.o(.text) refers to defsig_general.o(.text) for __default_signal_display
    defsig_stak_inner.o(.text) refers to defsig_general.o(.text) for __default_signal_display
    defsig_pvfn_inner.o(.text) refers to defsig_general.o(.text) for __default_signal_display
    defsig_cppl_inner.o(.text) refers to defsig_general.o(.text) for __default_signal_display
    defsig_segv_inner.o(.text) refers to defsig_general.o(.text) for __default_signal_display
    defsig_other.o(.text) refers to defsig_general.o(.text) for __default_signal_display


==============================================================================

Removing Unused input sections from the image.

    Removing gpio.o(.rev16_text), (4 bytes).
    Removing gpio.o(.revsh_text), (4 bytes).
    Removing gpio.o(.rrx_text), (6 bytes).
    Removing gpio.o(i.__NVIC_EnableIRQ), (34 bytes).
    Removing gpio.o(i.__NVIC_SetPriority), (40 bytes).
    Removing gpio.o(i.gpio_analog_disable), (12 bytes).
    Removing gpio.o(i.gpio_analog_enable), (12 bytes).
    Removing gpio.o(i.gpio_digital_disable), (12 bytes).
    Removing gpio.o(i.gpio_get_direction), (10 bytes).
    Removing gpio.o(i.gpio_get_mode), (10 bytes).
    Removing gpio.o(i.gpio_interrupt_enable), (240 bytes).
    Removing gpio.o(i.gpio_interrupt_flag_clear), (12 bytes).
    Removing gpio.o(i.gpio_interrupt_mask), (12 bytes).
    Removing gpio.o(i.gpio_interrupt_status), (10 bytes).
    Removing gpio.o(i.gpio_read), (10 bytes).
    Removing gpio.o(i.gpio_resistor_disable), (54 bytes).
    Removing gpio.o(i.gpio_resistor_enable), (54 bytes).
    Removing gpio.o(i.gpio_set_currentDrive), (54 bytes).
    Removing gpio.o(i.gpio_specialFunction_unlock), (20 bytes).
    Removing gpio.o(i.gpio_write), (30 bytes).
    Removing spi.o(.rev16_text), (4 bytes).
    Removing spi.o(.revsh_text), (4 bytes).
    Removing spi.o(.rrx_text), (6 bytes).
    Removing spi.o(i.SPI_Bustate_get), (30 bytes).
    Removing spi.o(i.SPI_ClockDivider_Get), (10 bytes).
    Removing spi.o(i.SPI_InterruptClear), (8 bytes).
    Removing spi.o(i.SPI_InterruptUnMask), (8 bytes).
    Removing spi.o(i.SPI_Interrupt_Disable), (52 bytes).
    Removing spi.o(i.SPI_Interrupt_Enable), (48 bytes).
    Removing spi.o(i.SPI_MaskedInterruptStatus), (8 bytes).
    Removing spi.o(i.SPI_MasterSlave_Get), (10 bytes).
    Removing spi.o(i.SPI_Master_Receive), (82 bytes).
    Removing spi.o(i.SPI_Master_Start_Receive), (72 bytes).
    Removing spi.o(i.SPI_Master_Start_Trasnmit), (86 bytes).
    Removing spi.o(i.SPI_Master_Transmit), (50 bytes).
    Removing spi.o(i.SPI_RxFifoState_get), (44 bytes).
    Removing spi.o(i.SPI_Slave_Receive), (70 bytes).
    Removing spi.o(i.SPI_Slave_Start_Receive), (32 bytes).
    Removing spi.o(i.SPI_Slave_Start_Transmit), (86 bytes).
    Removing spi.o(i.SPI_TxFifoState_get), (44 bytes).
    Removing spi.o(i.SPI_rxDone_RegisterCB), (4 bytes).
    Removing spi.o(i.SPI_rxDone_UnRegisterCB), (6 bytes).
    Removing spi.o(i.SPI_txDone_RegsiterCB), (4 bytes).
    Removing spi.o(i.SPI_txDone_UnRegsiterCB), (6 bytes).
    Removing spi.o(.data), (4 bytes).
    Removing main.o(.rev16_text), (4 bytes).
    Removing main.o(.revsh_text), (4 bytes).
    Removing main.o(.rrx_text), (6 bytes).
    Removing system_tm4c123.o(.rev16_text), (4 bytes).
    Removing system_tm4c123.o(.revsh_text), (4 bytes).
    Removing system_tm4c123.o(.rrx_text), (6 bytes).
    Removing system_tm4c123.o(i.SystemCoreClockUpdate), (196 bytes).
    Removing system_tm4c123.o(i.getOscClk), (244 bytes).
    Removing system_tm4c123.o(.data), (4 bytes).

54 unused section(s) (total 1890 bytes) removed from the image.

==============================================================================

Image Symbol Table

    Local Symbols

    Symbol Name                              Value     Ov Type        Size  Object(Section)

    RESET                                    0x00000000   Section      620  startup_tm4c123.o(RESET)
    ../clib/angel/boardlib.s                 0x00000000   Number         0  boardinit1.o ABSOLUTE
    ../clib/angel/boardlib.s                 0x00000000   Number         0  boardinit2.o ABSOLUTE
    ../clib/angel/boardlib.s                 0x00000000   Number         0  boardinit3.o ABSOLUTE
    ../clib/angel/boardlib.s                 0x00000000   Number         0  boardshut.o ABSOLUTE
    ../clib/angel/handlers.s                 0x00000000   Number         0  __scatter_zi.o ABSOLUTE
    ../clib/angel/handlers.s                 0x00000000   Number         0  __scatter_copy.o ABSOLUTE
    ../clib/angel/kernel.s                   0x00000000   Number         0  __rtentry.o ABSOLUTE
    ../clib/angel/kernel.s                   0x00000000   Number         0  __rtentry2.o ABSOLUTE
    ../clib/angel/kernel.s                   0x00000000   Number         0  __rtentry4.o ABSOLUTE
    ../clib/angel/kernel.s                   0x00000000   Number         0  rtexit2.o ABSOLUTE
    ../clib/angel/kernel.s                   0x00000000   Number         0  rtexit.o ABSOLUTE
    ../clib/angel/rt.s                       0x00000000   Number         0  rt_raise.o ABSOLUTE
    ../clib/angel/scatter.s                  0x00000000   Number         0  __scatter.o ABSOLUTE
    ../clib/angel/startup.s                  0x00000000   Number         0  __main.o ABSOLUTE
    ../clib/angel/sys.s                      0x00000000   Number         0  libspace.o ABSOLUTE
    ../clib/angel/sys.s                      0x00000000   Number         0  indicate_semi.o ABSOLUTE
    ../clib/angel/sys.s                      0x00000000   Number         0  use_no_semi.o ABSOLUTE
    ../clib/angel/sys.s                      0x00000000   Number         0  sys_stackheap_outer.o ABSOLUTE
    ../clib/angel/sysapp.c                   0x00000000   Number         0  sys_wrch.o ABSOLUTE
    ../clib/angel/sysapp.c                   0x00000000   Number         0  sys_command.o ABSOLUTE
    ../clib/angel/sysapp.c                   0x00000000   Number         0  sys_exit.o ABSOLUTE
    ../clib/armsys.c                         0x00000000   Number         0  no_argv.o ABSOLUTE
    ../clib/armsys.c                         0x00000000   Number         0  _get_argv_nomalloc.o ABSOLUTE
    ../clib/armsys.c                         0x00000000   Number         0  argv_veneer.o ABSOLUTE
    ../clib/armsys.c                         0x00000000   Number         0  argv_veneer.o ABSOLUTE
    ../clib/heapalloc.c                      0x00000000   Number         0  hrguard.o ABSOLUTE
    ../clib/heapaux.c                        0x00000000   Number         0  heapauxi.o ABSOLUTE
    ../clib/libinit.s                        0x00000000   Number         0  libinit.o ABSOLUTE
    ../clib/libinit.s                        0x00000000   Number         0  libshutdown.o ABSOLUTE
    ../clib/libinit.s                        0x00000000   Number         0  libinit2.o ABSOLUTE
    ../clib/libinit.s                        0x00000000   Number         0  libshutdown2.o ABSOLUTE
    ../clib/signal.c                         0x00000000   Number         0  defsig_abrt_inner.o ABSOLUTE
    ../clib/signal.c                         0x00000000   Number         0  defsig_cppl_inner.o ABSOLUTE
    ../clib/signal.c                         0x00000000   Number         0  defsig_pvfn_inner.o ABSOLUTE
    ../clib/signal.c                         0x00000000   Number         0  defsig_stak_inner.o ABSOLUTE
    ../clib/signal.c                         0x00000000   Number         0  defsig_rtred_inner.o ABSOLUTE
    ../clib/signal.c                         0x00000000   Number         0  defsig_rtmem_outer.o ABSOLUTE
    ../clib/signal.c                         0x00000000   Number         0  __raise.o ABSOLUTE
    ../clib/signal.c                         0x00000000   Number         0  defsig_fpe_inner.o ABSOLUTE
    ../clib/signal.c                         0x00000000   Number         0  defsig_general.o ABSOLUTE
    ../clib/signal.c                         0x00000000   Number         0  defsig_rtmem_inner.o ABSOLUTE
    ../clib/signal.c                         0x00000000   Number         0  defsig_exit.o ABSOLUTE
    ../clib/signal.c                         0x00000000   Number         0  defsig_other.o ABSOLUTE
    ../clib/signal.c                         0x00000000   Number         0  defsig_segv_inner.o ABSOLUTE
    ../clib/signal.c                         0x00000000   Number         0  defsig_rtmem_formal.o ABSOLUTE
    ../clib/signal.s                         0x00000000   Number         0  defsig.o ABSOLUTE
    ../clib/stdlib.c                         0x00000000   Number         0  exit.o ABSOLUTE
    ../clib/string.c                         0x00000000   Number         0  strlen.o ABSOLUTE
    ../fplib/fpinit.s                        0x00000000   Number         0  fpinit.o ABSOLUTE
    ..\GPIO\gpio.c                           0x00000000   Number         0  gpio.o ABSOLUTE
    ..\\GPIO\\gpio.c                         0x00000000   Number         0  gpio.o ABSOLUTE
    RTE\Device\TM4C123GH6PM\startup_TM4C123.s 0x00000000   Number         0  startup_tm4c123.o ABSOLUTE
    RTE\Device\TM4C123GH6PM\system_TM4C123.c 0x00000000   Number         0  system_tm4c123.o ABSOLUTE
    RTE\\Device\\TM4C123GH6PM\\system_TM4C123.c 0x00000000   Number         0  system_tm4c123.o ABSOLUTE
    dc.s                                     0x00000000   Number         0  dc.o ABSOLUTE
    main.c                                   0x00000000   Number         0  main.o ABSOLUTE
    main.c                                   0x00000000   Number         0  main.o ABSOLUTE
    spi.c                                    0x00000000   Number         0  spi.o ABSOLUTE
    spi.c                                    0x00000000   Number         0  spi.o ABSOLUTE
    !!!main                                  0x0000026c   Section        8  __main.o(!!!main)
    !!!scatter                               0x00000274   Section       52  __scatter.o(!!!scatter)
    !!handler_copy                           0x000002a8   Section       26  __scatter_copy.o(!!handler_copy)
    !!handler_zi                             0x000002c4   Section       28  __scatter_zi.o(!!handler_zi)
    .ARM.Collect$$libinit$$00000000          0x000002e0   Section        2  libinit.o(.ARM.Collect$$libinit$$00000000)
    .ARM.Collect$$libinit$$00000001          0x000002e2   Section        4  libinit2.o(.ARM.Collect$$libinit$$00000001)
    .ARM.Collect$$libinit$$00000004          0x000002e6   Section        0  libinit2.o(.ARM.Collect$$libinit$$00000004)
    .ARM.Collect$$libinit$$0000000A          0x000002e6   Section        0  libinit2.o(.ARM.Collect$$libinit$$0000000A)
    .ARM.Collect$$libinit$$0000000C          0x000002e6   Section        0  libinit2.o(.ARM.Collect$$libinit$$0000000C)
    .ARM.Collect$$libinit$$0000000E          0x000002e6   Section        0  libinit2.o(.ARM.Collect$$libinit$$0000000E)
    .ARM.Collect$$libinit$$00000011          0x000002e6   Section        0  libinit2.o(.ARM.Collect$$libinit$$00000011)
    .ARM.Collect$$libinit$$00000013          0x000002e6   Section        0  libinit2.o(.ARM.Collect$$libinit$$00000013)
    .ARM.Collect$$libinit$$00000015          0x000002e6   Section        0  libinit2.o(.ARM.Collect$$libinit$$00000015)
    .ARM.Collect$$libinit$$00000017          0x000002e6   Section        0  libinit2.o(.ARM.Collect$$libinit$$00000017)
    .ARM.Collect$$libinit$$00000019          0x000002e6   Section        0  libinit2.o(.ARM.Collect$$libinit$$00000019)
    .ARM.Collect$$libinit$$0000001B          0x000002e6   Section        0  libinit2.o(.ARM.Collect$$libinit$$0000001B)
    .ARM.Collect$$libinit$$0000001D          0x000002e6   Section        0  libinit2.o(.ARM.Collect$$libinit$$0000001D)
    .ARM.Collect$$libinit$$0000001F          0x000002e6   Section        0  libinit2.o(.ARM.Collect$$libinit$$0000001F)
    .ARM.Collect$$libinit$$00000021          0x000002e6   Section        0  libinit2.o(.ARM.Collect$$libinit$$00000021)
    .ARM.Collect$$libinit$$00000023          0x000002e6   Section        0  libinit2.o(.ARM.Collect$$libinit$$00000023)
    .ARM.Collect$$libinit$$00000025          0x000002e6   Section        0  libinit2.o(.ARM.Collect$$libinit$$00000025)
    .ARM.Collect$$libinit$$0000002C          0x000002e6   Section        0  libinit2.o(.ARM.Collect$$libinit$$0000002C)
    .ARM.Collect$$libinit$$0000002E          0x000002e6   Section        0  libinit2.o(.ARM.Collect$$libinit$$0000002E)
    .ARM.Collect$$libinit$$00000030          0x000002e6   Section        0  libinit2.o(.ARM.Collect$$libinit$$00000030)
    .ARM.Collect$$libinit$$00000032          0x000002e6   Section        0  libinit2.o(.ARM.Collect$$libinit$$00000032)
    .ARM.Collect$$libinit$$00000033          0x000002e6   Section        2  libinit2.o(.ARM.Collect$$libinit$$00000033)
    .ARM.Collect$$libshutdown$$00000000      0x000002e8   Section        2  libshutdown.o(.ARM.Collect$$libshutdown$$00000000)
    .ARM.Collect$$libshutdown$$00000002      0x000002ea   Section        0  libshutdown2.o(.ARM.Collect$$libshutdown$$00000002)
    .ARM.Collect$$libshutdown$$00000004      0x000002ea   Section        0  libshutdown2.o(.ARM.Collect$$libshutdown$$00000004)
    .ARM.Collect$$libshutdown$$00000007      0x000002ea   Section        0  libshutdown2.o(.ARM.Collect$$libshutdown$$00000007)
    .ARM.Collect$$libshutdown$$0000000A      0x000002ea   Section        0  libshutdown2.o(.ARM.Collect$$libshutdown$$0000000A)
    .ARM.Collect$$libshutdown$$0000000C      0x000002ea   Section        0  libshutdown2.o(.ARM.Collect$$libshutdown$$0000000C)
    .ARM.Collect$$libshutdown$$0000000F      0x000002ea   Section        0  libshutdown2.o(.ARM.Collect$$libshutdown$$0000000F)
    .ARM.Collect$$libshutdown$$00000010      0x000002ea   Section        2  libshutdown2.o(.ARM.Collect$$libshutdown$$00000010)
    .ARM.Collect$$rtentry$$00000000          0x000002ec   Section        0  __rtentry.o(.ARM.Collect$$rtentry$$00000000)
    .ARM.Collect$$rtentry$$00000002          0x000002ec   Section        0  __rtentry2.o(.ARM.Collect$$rtentry$$00000002)
    .ARM.Collect$$rtentry$$00000004          0x000002ec   Section        6  __rtentry4.o(.ARM.Collect$$rtentry$$00000004)
    .ARM.Collect$$rtentry$$00000009          0x000002f2   Section        0  __rtentry2.o(.ARM.Collect$$rtentry$$00000009)
    .ARM.Collect$$rtentry$$0000000A          0x000002f2   Section        4  __rtentry2.o(.ARM.Collect$$rtentry$$0000000A)
    .ARM.Collect$$rtentry$$0000000C          0x000002f6   Section        0  __rtentry2.o(.ARM.Collect$$rtentry$$0000000C)
    .ARM.Collect$$rtentry$$0000000D          0x000002f6   Section        8  __rtentry2.o(.ARM.Collect$$rtentry$$0000000D)
    .ARM.Collect$$rtexit$$00000000           0x000002fe   Section        2  rtexit.o(.ARM.Collect$$rtexit$$00000000)
    .ARM.Collect$$rtexit$$00000002           0x00000300   Section        0  rtexit2.o(.ARM.Collect$$rtexit$$00000002)
    .ARM.Collect$$rtexit$$00000003           0x00000300   Section        4  rtexit2.o(.ARM.Collect$$rtexit$$00000003)
    .ARM.Collect$$rtexit$$00000004           0x00000304   Section        6  rtexit2.o(.ARM.Collect$$rtexit$$00000004)
    .text                                    0x0000030c   Section      276  startup_tm4c123.o(.text)
    $v0                                      0x0000030c   Number         0  startup_tm4c123.o(.text)
    .text                                    0x00000420   Section        0  strlen.o(.text)
    .text                                    0x0000045e   Section        0  heapauxi.o(.text)
    .text                                    0x00000464   Section       74  sys_stackheap_outer.o(.text)
    .text                                    0x000004ae   Section        0  exit.o(.text)
    .text                                    0x000004c0   Section        8  libspace.o(.text)
    .text                                    0x000004c8   Section        0  sys_exit.o(.text)
    .text                                    0x000004d4   Section        2  use_no_semi.o(.text)
    .text                                    0x000004d6   Section        0  indicate_semi.o(.text)
    i.MasterReceiveFromInterrupt             0x000004d6   Section        0  spi.o(i.MasterReceiveFromInterrupt)
    i.MastersendFromInterrupt                0x000005e0   Section        0  spi.o(i.MastersendFromInterrupt)
    i.SPI_ClockDivider_Set                   0x00000638   Section        0  spi.o(i.SPI_ClockDivider_Set)
    SPI_ClockDivider_Set                     0x00000639   Thumb Code    38  spi.o(i.SPI_ClockDivider_Set)
    i.SPI_ClockPolarityPhase_set             0x0000065e   Section        0  spi.o(i.SPI_ClockPolarityPhase_set)
    SPI_ClockPolarityPhase_set               0x0000065f   Thumb Code    88  spi.o(i.SPI_ClockPolarityPhase_set)
    i.SPI_ClockSource_Set                    0x000006b6   Section        0  spi.o(i.SPI_ClockSource_Set)
    SPI_ClockSource_Set                      0x000006b7   Thumb Code    22  spi.o(i.SPI_ClockSource_Set)
    i.SPI_DataSize_set                       0x000006cc   Section        0  spi.o(i.SPI_DataSize_set)
    SPI_DataSize_set                         0x000006cd   Thumb Code    16  spi.o(i.SPI_DataSize_set)
    i.SPI_Disable                            0x000006dc   Section        0  spi.o(i.SPI_Disable)
    i.SPI_Enable                             0x000006ea   Section        0  spi.o(i.SPI_Enable)
    i.SPI_FrameFormat_Set                    0x000006f8   Section        0  spi.o(i.SPI_FrameFormat_Set)
    SPI_FrameFormat_Set                      0x000006f9   Thumb Code    68  spi.o(i.SPI_FrameFormat_Set)
    i.SPI_Gpio_configure                     0x0000073c   Section        0  spi.o(i.SPI_Gpio_configure)
    SPI_Gpio_configure                       0x0000073d   Thumb Code   268  spi.o(i.SPI_Gpio_configure)
    i.SPI_Init                               0x00000854   Section        0  spi.o(i.SPI_Init)
    i.SPI_InterruptMask                      0x000008bc   Section        0  spi.o(i.SPI_InterruptMask)
    SPI_InterruptMask                        0x000008bd   Thumb Code     8  spi.o(i.SPI_InterruptMask)
    i.SPI_InterruptStatus                    0x000008c4   Section        0  spi.o(i.SPI_InterruptStatus)
    SPI_InterruptStatus                      0x000008c5   Thumb Code     8  spi.o(i.SPI_InterruptStatus)
    i.SPI_MasterSlave_Set                    0x000008cc   Section        0  spi.o(i.SPI_MasterSlave_Set)
    SPI_MasterSlave_Set                      0x000008cd   Thumb Code    18  spi.o(i.SPI_MasterSlave_Set)
    i.SPI_Slave_Transmit                     0x000008de   Section        0  spi.o(i.SPI_Slave_Transmit)
    i.SSI0_Handler                           0x00000910   Section        0  spi.o(i.SSI0_Handler)
    i.SSI1_Handler                           0x00000988   Section        0  spi.o(i.SSI1_Handler)
    i.SSI2_Handler                           0x00000a00   Section        0  spi.o(i.SSI2_Handler)
    i.SSI3_Handler                           0x00000a78   Section        0  spi.o(i.SSI3_Handler)
    i.SlaveReceiveFromInterrupt              0x00000af0   Section        0  spi.o(i.SlaveReceiveFromInterrupt)
    i.SlaveTransmitFromInterrupt             0x00000b4e   Section        0  spi.o(i.SlaveTransmitFromInterrupt)
    i.SystemInit                             0x00000bd0   Section        0  system_tm4c123.o(i.SystemInit)
    i.gpio_digital_enable                    0x00000c68   Section        0  gpio.o(i.gpio_digital_enable)
    i.gpio_set_alternateFunction             0x00000c74   Section        0  gpio.o(i.gpio_set_alternateFunction)
    i.gpio_set_direction                     0x00000c98   Section        0  gpio.o(i.gpio_set_direction)
    i.gpio_set_mode                          0x00000cb6   Section        0  gpio.o(i.gpio_set_mode)
    i.main                                   0x00000cd4   Section        0  main.o(i.main)
    i.spi_delay                              0x00000d60   Section        0  spi.o(i.spi_delay)
    spi_delay                                0x00000d61   Thumb Code    24  spi.o(i.spi_delay)
    x$fpl$fpinit                             0x00000d78   Section       10  fpinit.o(x$fpl$fpinit)
    $v0                                      0x00000d78   Number         0  fpinit.o(x$fpl$fpinit)
    .data                                    0x20000000   Section       13  main.o(.data)
    .bss                                     0x20000010   Section       16  spi.o(.bss)
    spihandler                               0x20000010   Data          16  spi.o(.bss)
    .bss                                     0x20000020   Section       36  main.o(.bss)
    .bss                                     0x20000044   Section       96  libspace.o(.bss)
    HEAP                                     0x200000a8   Section        0  startup_tm4c123.o(HEAP)
    STACK                                    0x200000a8   Section      512  startup_tm4c123.o(STACK)
    Heap_Mem                                 0x200000a8   Data           0  startup_tm4c123.o(HEAP)
    Stack_Mem                                0x200000a8   Data         512  startup_tm4c123.o(STACK)
    __initial_sp                             0x200002a8   Data           0  startup_tm4c123.o(STACK)

    Global Symbols

    Symbol Name                              Value     Ov Type        Size  Object(Section)

    BuildAttributes$$THM_ISAv4$E$P$D$K$B$S$7EM$VFPi3$EXTD16$VFPS$VFMA$PE$A:L22UL41UL21$X:L11$S22US41US21$IEEE1$IW$USESV6$~STKCKD$USESV7$~SHL$OSPACE$ROPI$EBA8$UX$STANDARDLIB$REQ8$PRES8$EABIv2 0x00000000   Number         0  anon$$obj.o ABSOLUTE
    __ARM_use_no_argv                        0x00000000   Number         0  main.o ABSOLUTE
    __Vectors                                0x00000000   Data           4  startup_tm4c123.o(RESET)
    __ARM_exceptions_init                     - Undefined Weak Reference
    __alloca_initialize                       - Undefined Weak Reference
    __arm_preinit_                            - Undefined Weak Reference
    __cpp_initialize__aeabi_                  - Undefined Weak Reference
    __cxa_finalize                            - Undefined Weak Reference
    __rt_locale                               - Undefined Weak Reference
    __sigvec_lookup                           - Undefined Weak Reference
    _atexit_init                              - Undefined Weak Reference
    _call_atexit_fns                          - Undefined Weak Reference
    _clock_init                               - Undefined Weak Reference
    _fp_trap_init                             - Undefined Weak Reference
    _fp_trap_shutdown                         - Undefined Weak Reference
    _get_lc_collate                           - Undefined Weak Reference
    _get_lc_ctype                             - Undefined Weak Reference
    _get_lc_monetary                          - Undefined Weak Reference
    _get_lc_numeric                           - Undefined Weak Reference
    _get_lc_time                              - Undefined Weak Reference
    _getenv_init                              - Undefined Weak Reference
    _handle_redirection                       - Undefined Weak Reference
    _init_alloc                               - Undefined Weak Reference
    _init_user_alloc                          - Undefined Weak Reference
    _initio                                   - Undefined Weak Reference
    _rand_init                                - Undefined Weak Reference
    _signal_finish                            - Undefined Weak Reference
    _signal_init                              - Undefined Weak Reference
    _terminate_alloc                          - Undefined Weak Reference
    _terminate_user_alloc                     - Undefined Weak Reference
    _terminateio                              - Undefined Weak Reference
    __Vectors_End                            0x0000026c   Data           0  startup_tm4c123.o(RESET)
    __Vectors_Size                           0x0000026c   Number         0  startup_tm4c123.o ABSOLUTE
    __main                                   0x0000026d   Thumb Code     8  __main.o(!!!main)
    __scatterload                            0x00000275   Thumb Code     0  __scatter.o(!!!scatter)
    __scatterload_rt2                        0x00000275   Thumb Code    44  __scatter.o(!!!scatter)
    __scatterload_rt2_thumb_only             0x00000275   Thumb Code     0  __scatter.o(!!!scatter)
    __scatterload_null                       0x00000283   Thumb Code     0  __scatter.o(!!!scatter)
    __scatterload_copy                       0x000002a9   Thumb Code    26  __scatter_copy.o(!!handler_copy)
    __scatterload_zeroinit                   0x000002c5   Thumb Code    28  __scatter_zi.o(!!handler_zi)
    __rt_lib_init                            0x000002e1   Thumb Code     0  libinit.o(.ARM.Collect$$libinit$$00000000)
    __rt_lib_init_fp_1                       0x000002e3   Thumb Code     0  libinit2.o(.ARM.Collect$$libinit$$00000001)
    __rt_lib_init_alloca_1                   0x000002e7   Thumb Code     0  libinit2.o(.ARM.Collect$$libinit$$0000002E)
    __rt_lib_init_argv_1                     0x000002e7   Thumb Code     0  libinit2.o(.ARM.Collect$$libinit$$0000002C)
    __rt_lib_init_atexit_1                   0x000002e7   Thumb Code     0  libinit2.o(.ARM.Collect$$libinit$$0000001B)
    __rt_lib_init_clock_1                    0x000002e7   Thumb Code     0  libinit2.o(.ARM.Collect$$libinit$$00000021)
    __rt_lib_init_cpp_1                      0x000002e7   Thumb Code     0  libinit2.o(.ARM.Collect$$libinit$$00000032)
    __rt_lib_init_exceptions_1               0x000002e7   Thumb Code     0  libinit2.o(.ARM.Collect$$libinit$$00000030)
    __rt_lib_init_fp_trap_1                  0x000002e7   Thumb Code     0  libinit2.o(.ARM.Collect$$libinit$$0000001F)
    __rt_lib_init_getenv_1                   0x000002e7   Thumb Code     0  libinit2.o(.ARM.Collect$$libinit$$00000023)
    __rt_lib_init_heap_1                     0x000002e7   Thumb Code     0  libinit2.o(.ARM.Collect$$libinit$$0000000A)
    __rt_lib_init_lc_collate_1               0x000002e7   Thumb Code     0  libinit2.o(.ARM.Collect$$libinit$$00000011)
    __rt_lib_init_lc_ctype_1                 0x000002e7   Thumb Code     0  libinit2.o(.ARM.Collect$$libinit$$00000013)
    __rt_lib_init_lc_monetary_1              0x000002e7   Thumb Code     0  libinit2.o(.ARM.Collect$$libinit$$00000015)
    __rt_lib_init_lc_numeric_1               0x000002e7   Thumb Code     0  libinit2.o(.ARM.Collect$$libinit$$00000017)
    __rt_lib_init_lc_time_1                  0x000002e7   Thumb Code     0  libinit2.o(.ARM.Collect$$libinit$$00000019)
    __rt_lib_init_preinit_1                  0x000002e7   Thumb Code     0  libinit2.o(.ARM.Collect$$libinit$$00000004)
    __rt_lib_init_rand_1                     0x000002e7   Thumb Code     0  libinit2.o(.ARM.Collect$$libinit$$0000000E)
    __rt_lib_init_return                     0x000002e7   Thumb Code     0  libinit2.o(.ARM.Collect$$libinit$$00000033)
    __rt_lib_init_signal_1                   0x000002e7   Thumb Code     0  libinit2.o(.ARM.Collect$$libinit$$0000001D)
    __rt_lib_init_stdio_1                    0x000002e7   Thumb Code     0  libinit2.o(.ARM.Collect$$libinit$$00000025)
    __rt_lib_init_user_alloc_1               0x000002e7   Thumb Code     0  libinit2.o(.ARM.Collect$$libinit$$0000000C)
    __rt_lib_shutdown                        0x000002e9   Thumb Code     0  libshutdown.o(.ARM.Collect$$libshutdown$$00000000)
    __rt_lib_shutdown_cpp_1                  0x000002eb   Thumb Code     0  libshutdown2.o(.ARM.Collect$$libshutdown$$00000002)
    __rt_lib_shutdown_fp_trap_1              0x000002eb   Thumb Code     0  libshutdown2.o(.ARM.Collect$$libshutdown$$00000007)
    __rt_lib_shutdown_heap_1                 0x000002eb   Thumb Code     0  libshutdown2.o(.ARM.Collect$$libshutdown$$0000000F)
    __rt_lib_shutdown_return                 0x000002eb   Thumb Code     0  libshutdown2.o(.ARM.Collect$$libshutdown$$00000010)
    __rt_lib_shutdown_signal_1               0x000002eb   Thumb Code     0  libshutdown2.o(.ARM.Collect$$libshutdown$$0000000A)
    __rt_lib_shutdown_stdio_1                0x000002eb   Thumb Code     0  libshutdown2.o(.ARM.Collect$$libshutdown$$00000004)
    __rt_lib_shutdown_user_alloc_1           0x000002eb   Thumb Code     0  libshutdown2.o(.ARM.Collect$$libshutdown$$0000000C)
    __rt_entry                               0x000002ed   Thumb Code     0  __rtentry.o(.ARM.Collect$$rtentry$$00000000)
    __rt_entry_presh_1                       0x000002ed   Thumb Code     0  __rtentry2.o(.ARM.Collect$$rtentry$$00000002)
    __rt_entry_sh                            0x000002ed   Thumb Code     0  __rtentry4.o(.ARM.Collect$$rtentry$$00000004)
    __rt_entry_li                            0x000002f3   Thumb Code     0  __rtentry2.o(.ARM.Collect$$rtentry$$0000000A)
    __rt_entry_postsh_1                      0x000002f3   Thumb Code     0  __rtentry2.o(.ARM.Collect$$rtentry$$00000009)
    __rt_entry_main                          0x000002f7   Thumb Code     0  __rtentry2.o(.ARM.Collect$$rtentry$$0000000D)
    __rt_entry_postli_1                      0x000002f7   Thumb Code     0  __rtentry2.o(.ARM.Collect$$rtentry$$0000000C)
    __rt_exit                                0x000002ff   Thumb Code     0  rtexit.o(.ARM.Collect$$rtexit$$00000000)
    __rt_exit_ls                             0x00000301   Thumb Code     0  rtexit2.o(.ARM.Collect$$rtexit$$00000003)
    __rt_exit_prels_1                        0x00000301   Thumb Code     0  rtexit2.o(.ARM.Collect$$rtexit$$00000002)
    __rt_exit_exit                           0x00000305   Thumb Code     0  rtexit2.o(.ARM.Collect$$rtexit$$00000004)
    Reset_Handler                            0x0000030d   Thumb Code     8  startup_tm4c123.o(.text)
    NMI_Handler                              0x00000315   Thumb Code     2  startup_tm4c123.o(.text)
    HardFault_Handler                        0x00000317   Thumb Code     2  startup_tm4c123.o(.text)
    MemManage_Handler                        0x00000319   Thumb Code     2  startup_tm4c123.o(.text)
    BusFault_Handler                         0x0000031b   Thumb Code     2  startup_tm4c123.o(.text)
    UsageFault_Handler                       0x0000031d   Thumb Code     2  startup_tm4c123.o(.text)
    SVC_Handler                              0x0000031f   Thumb Code     2  startup_tm4c123.o(.text)
    DebugMon_Handler                         0x00000321   Thumb Code     2  startup_tm4c123.o(.text)
    PendSV_Handler                           0x00000323   Thumb Code     2  startup_tm4c123.o(.text)
    SysTick_Handler                          0x00000325   Thumb Code     2  startup_tm4c123.o(.text)
    GPIOA_Handler                            0x00000327   Thumb Code     2  startup_tm4c123.o(.text)
    GPIOB_Handler                            0x00000329   Thumb Code     2  startup_tm4c123.o(.text)
    GPIOC_Handler                            0x0000032b   Thumb Code     2  startup_tm4c123.o(.text)
    GPIOD_Handler                            0x0000032d   Thumb Code     2  startup_tm4c123.o(.text)
    GPIOE_Handler                            0x0000032f   Thumb Code     2  startup_tm4c123.o(.text)
    UART0_Handler                            0x00000331   Thumb Code     2  startup_tm4c123.o(.text)
    UART1_Handler                            0x00000333   Thumb Code     2  startup_tm4c123.o(.text)
    I2C0_Handler                             0x00000337   Thumb Code     2  startup_tm4c123.o(.text)
    PMW0_FAULT_Handler                       0x00000339   Thumb Code     2  startup_tm4c123.o(.text)
    PWM0_0_Handler                           0x0000033b   Thumb Code     2  startup_tm4c123.o(.text)
    PWM0_1_Handler                           0x0000033d   Thumb Code     2  startup_tm4c123.o(.text)
    PWM0_2_Handler                           0x0000033f   Thumb Code     2  startup_tm4c123.o(.text)
    QEI0_Handler                             0x00000341   Thumb Code     2  startup_tm4c123.o(.text)
    ADC0SS0_Handler                          0x00000343   Thumb Code     2  startup_tm4c123.o(.text)
    ADC0SS1_Handler                          0x00000345   Thumb Code     2  startup_tm4c123.o(.text)
    ADC0SS2_Handler                          0x00000347   Thumb Code     2  startup_tm4c123.o(.text)
    ADC0SS3_Handler                          0x00000349   Thumb Code     2  startup_tm4c123.o(.text)
    WDT0_Handler                             0x0000034b   Thumb Code     2  startup_tm4c123.o(.text)
    TIMER0A_Handler                          0x0000034d   Thumb Code     2  startup_tm4c123.o(.text)
    TIMER0B_Handler                          0x0000034f   Thumb Code     2  startup_tm4c123.o(.text)
    TIMER1A_Handler                          0x00000351   Thumb Code     2  startup_tm4c123.o(.text)
    TIMER1B_Handler                          0x00000353   Thumb Code     2  startup_tm4c123.o(.text)
    TIMER2A_Handler                          0x00000355   Thumb Code     2  startup_tm4c123.o(.text)
    TIMER2B_Handler                          0x00000357   Thumb Code     2  startup_tm4c123.o(.text)
    COMP0_Handler                            0x00000359   Thumb Code     2  startup_tm4c123.o(.text)
    COMP1_Handler                            0x0000035b   Thumb Code     2  startup_tm4c123.o(.text)
    COMP2_Handler                            0x0000035d   Thumb Code     2  startup_tm4c123.o(.text)
    SYSCTL_Handler                           0x0000035f   Thumb Code     2  startup_tm4c123.o(.text)
    FLASH_Handler                            0x00000361   Thumb Code     2  startup_tm4c123.o(.text)
    GPIOF_Handler                            0x00000363   Thumb Code     2  startup_tm4c123.o(.text)
    GPIOG_Handler                            0x00000365   Thumb Code     2  startup_tm4c123.o(.text)
    GPIOH_Handler                            0x00000367   Thumb Code     2  startup_tm4c123.o(.text)
    UART2_Handler                            0x00000369   Thumb Code     2  startup_tm4c123.o(.text)
    TIMER3A_Handler                          0x0000036d   Thumb Code     2  startup_tm4c123.o(.text)
    TIMER3B_Handler                          0x0000036f   Thumb Code     2  startup_tm4c123.o(.text)
    I2C1_Handler                             0x00000371   Thumb Code     2  startup_tm4c123.o(.text)
    QEI1_Handler                             0x00000373   Thumb Code     2  startup_tm4c123.o(.text)
    CAN0_Handler                             0x00000375   Thumb Code     2  startup_tm4c123.o(.text)
    CAN1_Handler                             0x00000377   Thumb Code     2  startup_tm4c123.o(.text)
    CAN2_Handler                             0x00000379   Thumb Code     2  startup_tm4c123.o(.text)
    HIB_Handler                              0x0000037b   Thumb Code     2  startup_tm4c123.o(.text)
    USB0_Handler                             0x0000037d   Thumb Code     2  startup_tm4c123.o(.text)
    PWM0_3_Handler                           0x0000037f   Thumb Code     2  startup_tm4c123.o(.text)
    UDMA_Handler                             0x00000381   Thumb Code     2  startup_tm4c123.o(.text)
    UDMAERR_Handler                          0x00000383   Thumb Code     2  startup_tm4c123.o(.text)
    ADC1SS0_Handler                          0x00000385   Thumb Code     2  startup_tm4c123.o(.text)
    ADC1SS1_Handler                          0x00000387   Thumb Code     2  startup_tm4c123.o(.text)
    ADC1SS2_Handler                          0x00000389   Thumb Code     2  startup_tm4c123.o(.text)
    ADC1SS3_Handler                          0x0000038b   Thumb Code     2  startup_tm4c123.o(.text)
    GPIOJ_Handler                            0x0000038d   Thumb Code     2  startup_tm4c123.o(.text)
    GPIOK_Handler                            0x0000038f   Thumb Code     2  startup_tm4c123.o(.text)
    GPIOL_Handler                            0x00000391   Thumb Code     2  startup_tm4c123.o(.text)
    UART3_Handler                            0x00000397   Thumb Code     2  startup_tm4c123.o(.text)
    UART4_Handler                            0x00000399   Thumb Code     2  startup_tm4c123.o(.text)
    UART5_Handler                            0x0000039b   Thumb Code     2  startup_tm4c123.o(.text)
    UART6_Handler                            0x0000039d   Thumb Code     2  startup_tm4c123.o(.text)
    UART7_Handler                            0x0000039f   Thumb Code     2  startup_tm4c123.o(.text)
    I2C2_Handler                             0x000003a1   Thumb Code     2  startup_tm4c123.o(.text)
    I2C3_Handler                             0x000003a3   Thumb Code     2  startup_tm4c123.o(.text)
    TIMER4A_Handler                          0x000003a5   Thumb Code     2  startup_tm4c123.o(.text)
    TIMER4B_Handler                          0x000003a7   Thumb Code     2  startup_tm4c123.o(.text)
    TIMER5A_Handler                          0x000003a9   Thumb Code     2  startup_tm4c123.o(.text)
    TIMER5B_Handler                          0x000003ab   Thumb Code     2  startup_tm4c123.o(.text)
    WTIMER0A_Handler                         0x000003ad   Thumb Code     2  startup_tm4c123.o(.text)
    WTIMER0B_Handler                         0x000003af   Thumb Code     2  startup_tm4c123.o(.text)
    WTIMER1A_Handler                         0x000003b1   Thumb Code     2  startup_tm4c123.o(.text)
    WTIMER1B_Handler                         0x000003b3   Thumb Code     2  startup_tm4c123.o(.text)
    WTIMER2A_Handler                         0x000003b5   Thumb Code     2  startup_tm4c123.o(.text)
    WTIMER2B_Handler                         0x000003b7   Thumb Code     2  startup_tm4c123.o(.text)
    WTIMER3A_Handler                         0x000003b9   Thumb Code     2  startup_tm4c123.o(.text)
    WTIMER3B_Handler                         0x000003bb   Thumb Code     2  startup_tm4c123.o(.text)
    WTIMER4A_Handler                         0x000003bd   Thumb Code     2  startup_tm4c123.o(.text)
    WTIMER4B_Handler                         0x000003bf   Thumb Code     2  startup_tm4c123.o(.text)
    WTIMER5A_Handler                         0x000003c1   Thumb Code     2  startup_tm4c123.o(.text)
    WTIMER5B_Handler                         0x000003c3   Thumb Code     2  startup_tm4c123.o(.text)
    FPU_Handler                              0x000003c5   Thumb Code     2  startup_tm4c123.o(.text)
    I2C4_Handler                             0x000003c7   Thumb Code     2  startup_tm4c123.o(.text)
    I2C5_Handler                             0x000003c9   Thumb Code     2  startup_tm4c123.o(.text)
    GPIOM_Handler                            0x000003cb   Thumb Code     2  startup_tm4c123.o(.text)
    GPION_Handler                            0x000003cd   Thumb Code     2  startup_tm4c123.o(.text)
    QEI2_Handler                             0x000003cf   Thumb Code     2  startup_tm4c123.o(.text)
    GPIOP0_Handler                           0x000003d1   Thumb Code     2  startup_tm4c123.o(.text)
    GPIOP1_Handler                           0x000003d3   Thumb Code     2  startup_tm4c123.o(.text)
    GPIOP2_Handler                           0x000003d5   Thumb Code     2  startup_tm4c123.o(.text)
    GPIOP3_Handler                           0x000003d7   Thumb Code     2  startup_tm4c123.o(.text)
    GPIOP4_Handler                           0x000003d9   Thumb Code     2  startup_tm4c123.o(.text)
    GPIOP5_Handler                           0x000003db   Thumb Code     2  startup_tm4c123.o(.text)
    GPIOP6_Handler                           0x000003dd   Thumb Code     2  startup_tm4c123.o(.text)
    GPIOP7_Handler                           0x000003df   Thumb Code     2  startup_tm4c123.o(.text)
    GPIOQ0_Handler                           0x000003e1   Thumb Code     2  startup_tm4c123.o(.text)
    GPIOQ1_Handler                           0x000003e3   Thumb Code     2  startup_tm4c123.o(.text)
    GPIOQ2_Handler                           0x000003e5   Thumb Code     2  startup_tm4c123.o(.text)
    GPIOQ3_Handler                           0x000003e7   Thumb Code     2  startup_tm4c123.o(.text)
    GPIOQ4_Handler                           0x000003e9   Thumb Code     2  startup_tm4c123.o(.text)
    GPIOQ5_Handler                           0x000003eb   Thumb Code     2  startup_tm4c123.o(.text)
    GPIOQ6_Handler                           0x000003ed   Thumb Code     2  startup_tm4c123.o(.text)
    GPIOQ7_Handler                           0x000003ef   Thumb Code     2  startup_tm4c123.o(.text)
    GPIOR_Handler                            0x000003f1   Thumb Code     2  startup_tm4c123.o(.text)
    GPIOS_Handler                            0x000003f3   Thumb Code     2  startup_tm4c123.o(.text)
    PMW1_0_Handler                           0x000003f5   Thumb Code     2  startup_tm4c123.o(.text)
    PWM1_1_Handler                           0x000003f7   Thumb Code     2  startup_tm4c123.o(.text)
    PWM1_2_Handler                           0x000003f9   Thumb Code     2  startup_tm4c123.o(.text)
    PWM1_3_Handler                           0x000003fb   Thumb Code     2  startup_tm4c123.o(.text)
    PWM1_FAULT_Handler                       0x000003fd   Thumb Code     2  startup_tm4c123.o(.text)
    __user_initial_stackheap                 0x00000401   Thumb Code     0  startup_tm4c123.o(.text)
    strlen                                   0x00000421   Thumb Code    62  strlen.o(.text)
    __use_two_region_memory                  0x0000045f   Thumb Code     2  heapauxi.o(.text)
    __rt_heap_escrow$2region                 0x00000461   Thumb Code     2  heapauxi.o(.text)
    __rt_heap_expand$2region                 0x00000463   Thumb Code     2  heapauxi.o(.text)
    __user_setup_stackheap                   0x00000465   Thumb Code    74  sys_stackheap_outer.o(.text)
    exit                                     0x000004af   Thumb Code    18  exit.o(.text)
    __user_libspace                          0x000004c1   Thumb Code     8  libspace.o(.text)
    __user_perproc_libspace                  0x000004c1   Thumb Code     0  libspace.o(.text)
    __user_perthread_libspace                0x000004c1   Thumb Code     0  libspace.o(.text)
    _sys_exit                                0x000004c9   Thumb Code     8  sys_exit.o(.text)
    __I$use$semihosting                      0x000004d5   Thumb Code     0  use_no_semi.o(.text)
    __use_no_semihosting_swi                 0x000004d5   Thumb Code     2  use_no_semi.o(.text)
    MasterReceiveFromInterrupt               0x000004d7   Thumb Code   266  spi.o(i.MasterReceiveFromInterrupt)
    __semihosting_library_function           0x000004d7   Thumb Code     0  indicate_semi.o(.text)
    MastersendFromInterrupt                  0x000005e1   Thumb Code    88  spi.o(i.MastersendFromInterrupt)
    SPI_Disable                              0x000006dd   Thumb Code    14  spi.o(i.SPI_Disable)
    SPI_Enable                               0x000006eb   Thumb Code    14  spi.o(i.SPI_Enable)
    SPI_Init                                 0x00000855   Thumb Code    96  spi.o(i.SPI_Init)
    SPI_Slave_Transmit                       0x000008df   Thumb Code    50  spi.o(i.SPI_Slave_Transmit)
    SSI0_Handler                             0x00000911   Thumb Code   116  spi.o(i.SSI0_Handler)
    SSI1_Handler                             0x00000989   Thumb Code   116  spi.o(i.SSI1_Handler)
    SSI2_Handler                             0x00000a01   Thumb Code   116  spi.o(i.SSI2_Handler)
    SSI3_Handler                             0x00000a79   Thumb Code   116  spi.o(i.SSI3_Handler)
    SlaveReceiveFromInterrupt                0x00000af1   Thumb Code    94  spi.o(i.SlaveReceiveFromInterrupt)
    SlaveTransmitFromInterrupt               0x00000b4f   Thumb Code   130  spi.o(i.SlaveTransmitFromInterrupt)
    SystemInit                               0x00000bd1   Thumb Code   112  system_tm4c123.o(i.SystemInit)
    gpio_digital_enable                      0x00000c69   Thumb Code    12  gpio.o(i.gpio_digital_enable)
    gpio_set_alternateFunction               0x00000c75   Thumb Code    36  gpio.o(i.gpio_set_alternateFunction)
    gpio_set_direction                       0x00000c99   Thumb Code    30  gpio.o(i.gpio_set_direction)
    gpio_set_mode                            0x00000cb7   Thumb Code    30  gpio.o(i.gpio_set_mode)
    main                                     0x00000cd5   Thumb Code   120  main.o(i.main)
    _fp_init                                 0x00000d79   Thumb Code    10  fpinit.o(x$fpl$fpinit)
    __fplib_config_fpu_vfp                   0x00000d81   Thumb Code     0  fpinit.o(x$fpl$fpinit)
    __fplib_config_pureend_doubles           0x00000d81   Thumb Code     0  fpinit.o(x$fpl$fpinit)
    Region$$Table$$Base                      0x00000d84   Number         0  anon$$obj.o(Region$$Table)
    Region$$Table$$Limit                     0x00000da4   Number         0  anon$$obj.o(Region$$Table)
    rx                                       0x20000000   Data           8  main.o(.data)
    tx                                       0x20000008   Data           5  main.o(.data)
    spi                                      0x20000020   Data          36  main.o(.bss)
    __libspace_start                         0x20000044   Data          96  libspace.o(.bss)
    __temporary_stack_top$libspace           0x200000a4   Data           0  libspace.o(.bss)



==============================================================================

Memory Map of the image

  Image Entry point : 0x0000030d

  Load Region LR_1 (Base: 0x00000000, Size: 0x00000db4, Max: 0xffffffff, ABSOLUTE)

    Execution Region ER_RO (Exec base: 0x00000000, Load base: 0x00000000, Size: 0x00000da4, Max: 0xffffffff, ABSOLUTE)

    Exec Addr    Load Addr    Size         Type   Attr      Idx    E Section Name        Object

    0x00000000   0x00000000   0x0000026c   Data   RO          486    RESET               startup_tm4c123.o
    0x0000026c   0x0000026c   0x00000008   Code   RO          538  * !!!main             c_w.l(__main.o)
    0x00000274   0x00000274   0x00000034   Code   RO          695    !!!scatter          c_w.l(__scatter.o)
    0x000002a8   0x000002a8   0x0000001a   Code   RO          697    !!handler_copy      c_w.l(__scatter_copy.o)
    0x000002c2   0x000002c2   0x00000002   PAD
    0x000002c4   0x000002c4   0x0000001c   Code   RO          699    !!handler_zi        c_w.l(__scatter_zi.o)
    0x000002e0   0x000002e0   0x00000002   Code   RO          565    .ARM.Collect$$libinit$$00000000  c_w.l(libinit.o)
    0x000002e2   0x000002e2   0x00000004   Code   RO          571    .ARM.Collect$$libinit$$00000001  c_w.l(libinit2.o)
    0x000002e6   0x000002e6   0x00000000   Code   RO          574    .ARM.Collect$$libinit$$00000004  c_w.l(libinit2.o)
    0x000002e6   0x000002e6   0x00000000   Code   RO          577    .ARM.Collect$$libinit$$0000000A  c_w.l(libinit2.o)
    0x000002e6   0x000002e6   0x00000000   Code   RO          579    .ARM.Collect$$libinit$$0000000C  c_w.l(libinit2.o)
    0x000002e6   0x000002e6   0x00000000   Code   RO          581    .ARM.Collect$$libinit$$0000000E  c_w.l(libinit2.o)
    0x000002e6   0x000002e6   0x00000000   Code   RO          584    .ARM.Collect$$libinit$$00000011  c_w.l(libinit2.o)
    0x000002e6   0x000002e6   0x00000000   Code   RO          586    .ARM.Collect$$libinit$$00000013  c_w.l(libinit2.o)
    0x000002e6   0x000002e6   0x00000000   Code   RO          588    .ARM.Collect$$libinit$$00000015  c_w.l(libinit2.o)
    0x000002e6   0x000002e6   0x00000000   Code   RO          590    .ARM.Collect$$libinit$$00000017  c_w.l(libinit2.o)
    0x000002e6   0x000002e6   0x00000000   Code   RO          592    .ARM.Collect$$libinit$$00000019  c_w.l(libinit2.o)
    0x000002e6   0x000002e6   0x00000000   Code   RO          594    .ARM.Collect$$libinit$$0000001B  c_w.l(libinit2.o)
    0x000002e6   0x000002e6   0x00000000   Code   RO          596    .ARM.Collect$$libinit$$0000001D  c_w.l(libinit2.o)
    0x000002e6   0x000002e6   0x00000000   Code   RO          598    .ARM.Collect$$libinit$$0000001F  c_w.l(libinit2.o)
    0x000002e6   0x000002e6   0x00000000   Code   RO          600    .ARM.Collect$$libinit$$00000021  c_w.l(libinit2.o)
    0x000002e6   0x000002e6   0x00000000   Code   RO          602    .ARM.Collect$$libinit$$00000023  c_w.l(libinit2.o)
    0x000002e6   0x000002e6   0x00000000   Code   RO          604    .ARM.Collect$$libinit$$00000025  c_w.l(libinit2.o)
    0x000002e6   0x000002e6   0x00000000   Code   RO          608    .ARM.Collect$$libinit$$0000002C  c_w.l(libinit2.o)
    0x000002e6   0x000002e6   0x00000000   Code   RO          610    .ARM.Collect$$libinit$$0000002E  c_w.l(libinit2.o)
    0x000002e6   0x000002e6   0x00000000   Code   RO          612    .ARM.Collect$$libinit$$00000030  c_w.l(libinit2.o)
    0x000002e6   0x000002e6   0x00000000   Code   RO          614    .ARM.Collect$$libinit$$00000032  c_w.l(libinit2.o)
    0x000002e6   0x000002e6   0x00000002   Code   RO          615    .ARM.Collect$$libinit$$00000033  c_w.l(libinit2.o)
    0x000002e8   0x000002e8   0x00000002   Code   RO          635    .ARM.Collect$$libshutdown$$00000000  c_w.l(libshutdown.o)
    0x000002ea   0x000002ea   0x00000000   Code   RO          648    .ARM.Collect$$libshutdown$$00000002  c_w.l(libshutdown2.o)
    0x000002ea   0x000002ea   0x00000000   Code   RO          650    .ARM.Collect$$libshutdown$$00000004  c_w.l(libshutdown2.o)
    0x000002ea   0x000002ea   0x00000000   Code   RO          653    .ARM.Collect$$libshutdown$$00000007  c_w.l(libshutdown2.o)
    0x000002ea   0x000002ea   0x00000000   Code   RO          656    .ARM.Collect$$libshutdown$$0000000A  c_w.l(libshutdown2.o)
    0x000002ea   0x000002ea   0x00000000   Code   RO          658    .ARM.Collect$$libshutdown$$0000000C  c_w.l(libshutdown2.o)
    0x000002ea   0x000002ea   0x00000000   Code   RO          661    .ARM.Collect$$libshutdown$$0000000F  c_w.l(libshutdown2.o)
    0x000002ea   0x000002ea   0x00000002   Code   RO          662    .ARM.Collect$$libshutdown$$00000010  c_w.l(libshutdown2.o)
    0x000002ec   0x000002ec   0x00000000   Code   RO          540    .ARM.Collect$$rtentry$$00000000  c_w.l(__rtentry.o)
    0x000002ec   0x000002ec   0x00000000   Code   RO          542    .ARM.Collect$$rtentry$$00000002  c_w.l(__rtentry2.o)
    0x000002ec   0x000002ec   0x00000006   Code   RO          554    .ARM.Collect$$rtentry$$00000004  c_w.l(__rtentry4.o)
    0x000002f2   0x000002f2   0x00000000   Code   RO          544    .ARM.Collect$$rtentry$$00000009  c_w.l(__rtentry2.o)
    0x000002f2   0x000002f2   0x00000004   Code   RO          545    .ARM.Collect$$rtentry$$0000000A  c_w.l(__rtentry2.o)
    0x000002f6   0x000002f6   0x00000000   Code   RO          547    .ARM.Collect$$rtentry$$0000000C  c_w.l(__rtentry2.o)
    0x000002f6   0x000002f6   0x00000008   Code   RO          548    .ARM.Collect$$rtentry$$0000000D  c_w.l(__rtentry2.o)
    0x000002fe   0x000002fe   0x00000002   Code   RO          569    .ARM.Collect$$rtexit$$00000000  c_w.l(rtexit.o)
    0x00000300   0x00000300   0x00000000   Code   RO          617    .ARM.Collect$$rtexit$$00000002  c_w.l(rtexit2.o)
    0x00000300   0x00000300   0x00000004   Code   RO          618    .ARM.Collect$$rtexit$$00000003  c_w.l(rtexit2.o)
    0x00000304   0x00000304   0x00000006   Code   RO          619    .ARM.Collect$$rtexit$$00000004  c_w.l(rtexit2.o)
    0x0000030a   0x0000030a   0x00000002   PAD
    0x0000030c   0x0000030c   0x00000114   Code   RO          487  * .text               startup_tm4c123.o
    0x00000420   0x00000420   0x0000003e   Code   RO          534    .text               c_w.l(strlen.o)
    0x0000045e   0x0000045e   0x00000006   Code   RO          536    .text               c_w.l(heapauxi.o)
    0x00000464   0x00000464   0x0000004a   Code   RO          556    .text               c_w.l(sys_stackheap_outer.o)
    0x000004ae   0x000004ae   0x00000012   Code   RO          558    .text               c_w.l(exit.o)
    0x000004c0   0x000004c0   0x00000008   Code   RO          566    .text               c_w.l(libspace.o)
    0x000004c8   0x000004c8   0x0000000c   Code   RO          627    .text               c_w.l(sys_exit.o)
    0x000004d4   0x000004d4   0x00000002   Code   RO          638    .text               c_w.l(use_no_semi.o)
    0x000004d6   0x000004d6   0x00000000   Code   RO          640    .text               c_w.l(indicate_semi.o)
    0x000004d6   0x000004d6   0x0000010a   Code   RO          178    i.MasterReceiveFromInterrupt  spi.o
    0x000005e0   0x000005e0   0x00000058   Code   RO          179    i.MastersendFromInterrupt  spi.o
    0x00000638   0x00000638   0x00000026   Code   RO          182    i.SPI_ClockDivider_Set  spi.o
    0x0000065e   0x0000065e   0x00000058   Code   RO          183    i.SPI_ClockPolarityPhase_set  spi.o
    0x000006b6   0x000006b6   0x00000016   Code   RO          184    i.SPI_ClockSource_Set  spi.o
    0x000006cc   0x000006cc   0x00000010   Code   RO          185    i.SPI_DataSize_set  spi.o
    0x000006dc   0x000006dc   0x0000000e   Code   RO          186    i.SPI_Disable       spi.o
    0x000006ea   0x000006ea   0x0000000e   Code   RO          187    i.SPI_Enable        spi.o
    0x000006f8   0x000006f8   0x00000044   Code   RO          188    i.SPI_FrameFormat_Set  spi.o
    0x0000073c   0x0000073c   0x00000118   Code   RO          189    i.SPI_Gpio_configure  spi.o
    0x00000854   0x00000854   0x00000068   Code   RO          190    i.SPI_Init          spi.o
    0x000008bc   0x000008bc   0x00000008   Code   RO          192    i.SPI_InterruptMask  spi.o
    0x000008c4   0x000008c4   0x00000008   Code   RO          193    i.SPI_InterruptStatus  spi.o
    0x000008cc   0x000008cc   0x00000012   Code   RO          199    i.SPI_MasterSlave_Set  spi.o
    0x000008de   0x000008de   0x00000032   Code   RO          208    i.SPI_Slave_Transmit  spi.o
    0x00000910   0x00000910   0x00000078   Code   RO          214    i.SSI0_Handler      spi.o
    0x00000988   0x00000988   0x00000078   Code   RO          215    i.SSI1_Handler      spi.o
    0x00000a00   0x00000a00   0x00000078   Code   RO          216    i.SSI2_Handler      spi.o
    0x00000a78   0x00000a78   0x00000078   Code   RO          217    i.SSI3_Handler      spi.o
    0x00000af0   0x00000af0   0x0000005e   Code   RO          218    i.SlaveReceiveFromInterrupt  spi.o
    0x00000b4e   0x00000b4e   0x00000082   Code   RO          219    i.SlaveTransmitFromInterrupt  spi.o
    0x00000bd0   0x00000bd0   0x00000098   Code   RO          495    i.SystemInit        system_tm4c123.o
    0x00000c68   0x00000c68   0x0000000c   Code   RO            9    i.gpio_digital_enable  gpio.o
    0x00000c74   0x00000c74   0x00000024   Code   RO           19    i.gpio_set_alternateFunction  gpio.o
    0x00000c98   0x00000c98   0x0000001e   Code   RO           21    i.gpio_set_direction  gpio.o
    0x00000cb6   0x00000cb6   0x0000001e   Code   RO           22    i.gpio_set_mode     gpio.o
    0x00000cd4   0x00000cd4   0x0000008c   Code   RO          449    i.main              main.o
    0x00000d60   0x00000d60   0x00000018   Code   RO          220    i.spi_delay         spi.o
    0x00000d78   0x00000d78   0x0000000a   Code   RO          625    x$fpl$fpinit        fz_wm.l(fpinit.o)
    0x00000d82   0x00000d82   0x00000002   PAD
    0x00000d84   0x00000d84   0x00000020   Data   RO          693    Region$$Table       anon$$obj.o


    Execution Region ER_RW (Exec base: 0x20000000, Load base: 0x00000da4, Size: 0x00000010, Max: 0xffffffff, ABSOLUTE)

    Exec Addr    Load Addr    Size         Type   Attr      Idx    E Section Name        Object

    0x20000000   0x00000da4   0x0000000d   Data   RW          451    .data               main.o


    Execution Region ER_ZI (Exec base: 0x20000010, Load base: 0x00000db4, Size: 0x00000298, Max: 0xffffffff, ABSOLUTE)

    Exec Addr    Load Addr    Size         Type   Attr      Idx    E Section Name        Object

    0x20000010        -       0x00000010   Zero   RW          221    .bss                spi.o
    0x20000020        -       0x00000024   Zero   RW          450    .bss                main.o
    0x20000044        -       0x00000060   Zero   RW          567    .bss                c_w.l(libspace.o)
    0x200000a4   0x00000db4   0x00000004   PAD
    0x200000a8        -       0x00000000   Zero   RW          485    HEAP                startup_tm4c123.o
    0x200000a8        -       0x00000200   Zero   RW          484    STACK               startup_tm4c123.o


==============================================================================

Image component sizes


      Code (inc. data)   RO Data    RW Data    ZI Data      Debug   Object Name

       108          0          0          0          0      29344   gpio.o
       140         20          0         13         36       1351   main.o
      1810         36          0          0         16      15199   spi.o
       276         24        620          0        512       5448   startup_tm4c123.o
       152         40          0          0          0        593   system_tm4c123.o

    ----------------------------------------------------------------------
      2486        120        652         16        564      51935   Object Totals
         0          0         32          0          0          0   (incl. Generated)
         0          0          0          3          0          0   (incl. Padding)

    ----------------------------------------------------------------------

      Code (inc. data)   RO Data    RW Data    ZI Data      Debug   Library Member Name

         8          0          0          0          0         68   __main.o
         0          0          0          0          0          0   __rtentry.o
        12          0          0          0          0          0   __rtentry2.o
         6          0          0          0          0          0   __rtentry4.o
        52          8          0          0          0          0   __scatter.o
        26          0          0          0          0          0   __scatter_copy.o
        28          0          0          0          0          0   __scatter_zi.o
        18          0          0          0          0         80   exit.o
         6          0          0          0          0        152   heapauxi.o
         0          0          0          0          0          0   indicate_semi.o
         2          0          0          0          0          0   libinit.o
         6          0          0          0          0          0   libinit2.o
         2          0          0          0          0          0   libshutdown.o
         2          0          0          0          0          0   libshutdown2.o
         8          4          0          0         96         68   libspace.o
         2          0          0          0          0          0   rtexit.o
        10          0          0          0          0          0   rtexit2.o
        62          0          0          0          0         76   strlen.o
        12          4          0          0          0         68   sys_exit.o
        74          0          0          0          0         80   sys_stackheap_outer.o
         2          0          0          0          0         68   use_no_semi.o
        10          0          0          0          0        116   fpinit.o

    ----------------------------------------------------------------------
       354         16          0          0        100        776   Library Totals
         6          0          0          0          4          0   (incl. Padding)

    ----------------------------------------------------------------------

      Code (inc. data)   RO Data    RW Data    ZI Data      Debug   Library Name

       338         16          0          0         96        660   c_w.l
        10          0          0          0          0        116   fz_wm.l

    ----------------------------------------------------------------------
       354         16          0          0        100        776   Library Totals

    ----------------------------------------------------------------------

==============================================================================


      Code (inc. data)   RO Data    RW Data    ZI Data      Debug   

      2840        136        652         16        664      50003   Grand Totals
      2840        136        652         16        664      50003   ELF Image Totals
      2840        136        652         16          0          0   ROM Totals

==============================================================================

    Total RO  Size (Code + RO Data)                 3492 (   3.41kB)
    Total RW  Size (RW Data + ZI Data)               680 (   0.66kB)
    Total ROM Size (Code + RO Data + RW Data)       3508 (   3.43kB)

==============================================================================

