<html>
<body>
<pre>
<h1>µVision Build Log</h1>
<h2>Tool Versions:</h2>
IDE-Version: µVision V5.27.1.0
Copyright (C) 2019 ARM Ltd and ARM Germany GmbH. All rights reserved.
License Information: omar ehab, miu, LIC=----
 
Tool Versions:
Toolchain:       MDK-Lite  Version: 5.27.1.0
Toolchain Path:  C:\Keil_v5\ARM\ARMCC\Bin
C Compiler:      Armcc.exe V5.06 update 6 (build 750)
Assembler:       Armasm.exe V5.06 update 6 (build 750)
Linker/Locator:  ArmLink.exe V5.06 update 6 (build 750)
Library Manager: ArmAr.exe V5.06 update 6 (build 750)
Hex Converter:   FromElf.exe V5.06 update 6 (build 750)
CPU DLL:         SARMCM3.DLL V5.27.1.0
Dialog DLL:      DCM.DLL V1.17.2.0
Target DLL:      lmidk-agdi.dll V???
Dialog DLL:      TCM.DLL V1.36.1.0
 
<h2>Project:</h2>
C:\Users\omar ehab\Desktop\tiva drivers\SPI\spi.uvprojx
Project File Date:  08/08/2020

<h2>Output:</h2>
*** Using Compiler 'V5.06 update 6 (build 750)', folder: 'C:\Keil_v5\ARM\ARMCC\Bin'
Rebuild target 'Target 1'
compiling main.c...
gpio.h(134): warning:  #1-D: last line of file ends without a newline
  #endif
spi.h(213): warning:  #1-D: last line of file ends without a newline
  #endif
main.c(50): warning:  #1-D: last line of file ends without a newline
  	
main.c: 3 warnings, 0 errors
compiling gpio.c...
..\GPIO\gpio.h(143): warning:  #1-D: last line of file ends without a newline
  #endif
..\GPIO\gpio.c(438): warning:  #188-D: enumerated type mixed with another type
  	NVIC_SetPriority(irqNumber,priority);
..\GPIO\gpio.c(439): warning:  #188-D: enumerated type mixed with another type
  	NVIC_EnableIRQ(irqNumber);
..\GPIO\gpio.c(446): warning:  #188-D: enumerated type mixed with another type
  	NVIC_SetPriority(irqNumber,priority);
..\GPIO\gpio.c(447): warning:  #188-D: enumerated type mixed with another type
  	NVIC_EnableIRQ(irqNumber);
..\GPIO\gpio.c(456): warning:  #188-D: enumerated type mixed with another type
  	NVIC_SetPriority(irqNumber,priority);
..\GPIO\gpio.c(457): warning:  #188-D: enumerated type mixed with another type
  	NVIC_EnableIRQ(irqNumber);
..\GPIO\gpio.c(466): warning:  #188-D: enumerated type mixed with another type
  	NVIC_SetPriority(irqNumber,priority);
..\GPIO\gpio.c(467): warning:  #188-D: enumerated type mixed with another type
  	NVIC_EnableIRQ(irqNumber);	
..\GPIO\gpio.c: 9 warnings, 0 errors
compiling spi.c...
gpio.h(134): warning:  #1-D: last line of file ends without a newline
  #endif
spi.h(213): warning:  #1-D: last line of file ends without a newline
  #endif
spi.c(319): warning:  #188-D: enumerated type mixed with another type
  NVIC_EnableIRQ(interruptHandler[spiHandler->PeripherlaNumber]);
spi.c(324): warning:  #188-D: enumerated type mixed with another type
  NVIC_DisableIRQ(interruptHandler[spiHandler->PeripherlaNumber]);
spi.c(541): warning:  #940-D: missing return statement at end of non-void function "SPI_Bustate_get" 
  }
spi.c(560): warning:  #940-D: missing return statement at end of non-void function "SPI_TxFifoState_get" 
  }
spi.c(580): warning:  #940-D: missing return statement at end of non-void function "SPI_RxFifoState_get" 
  }
spi.c(531): warning:  #177-D: function "SPI_Bustate_get"  was declared but never referenced
  static SPI_Bus_State SPI_Bustate_get(SSI0_Type* SSIx)
spi.c(543): warning:  #177-D: function "SPI_TxFifoState_get"  was declared but never referenced
  static SPI_Fifo_State SPI_TxFifoState_get(SSI0_Type* SSIx)
spi.c(563): warning:  #177-D: function "SPI_RxFifoState_get"  was declared but never referenced
  static SPI_Fifo_State SPI_RxFifoState_get(SSI0_Type* SSIx)
spi.c(477): warning:  #177-D: function "SPI_ClockDivider_Get"  was declared but never referenced
  static uint8_t SPI_ClockDivider_Get(SSI0_Type* SSIx)
spi.c(379): warning:  #177-D: function "SPI_MasterSlave_Get"  was declared but never referenced
  static uint8_t SPI_MasterSlave_Get(SSI0_Type* SSIx)
spi.c(602): warning:  #177-D: function "SPI_MaskedInterruptStatus"  was declared but never referenced
  static uint8_t SPI_MaskedInterruptStatus(SSI0_Type* SSIx,uint8_t interrupt)
spi.c(586): warning:  #177-D: function "SPI_InterruptClear"  was declared but never referenced
  static void SPI_InterruptClear(SSI0_Type* SSIx,uint8_t interrupt)
spi.c: 14 warnings, 0 errors
assembling startup_TM4C123.s...
compiling system_TM4C123.c...
linking...
Program Size: Code=2840 RO-data=652 RW-data=16 ZI-data=664  
".\Objects\spi.axf" - 0 Error(s), 26 Warning(s).

<h2>Software Packages used:</h2>

Package Vendor: ARM
                http://www.keil.com/pack/ARM.CMSIS.5.7.0.pack
                ARM.CMSIS.5.7.0
                CMSIS (Cortex Microcontroller Software Interface Standard)
   * Component: CORE Version: 5.4.0

Package Vendor: Keil
                http://www.keil.com/pack/Keil.TM4C_DFP.1.1.0.pack
                Keil.TM4C_DFP.1.1.0
                Texas Instruments Tiva C Series Device Support and Examples
   * Component: Startup Version: 1.0.1

<h2>Collection of Component include folders:</h2>
  .\RTE\_Target_1
  C:\Users\omar ehab\AppData\Local\Arm\Packs\ARM\CMSIS\5.7.0\CMSIS\Core\Include
  C:\Users\omar ehab\AppData\Local\Arm\Packs\Keil\TM4C_DFP\1.1.0\Device\Include\TM4C123

<h2>Collection of Component Files used:</h2>

   * Component: ARM::CMSIS:CORE:5.4.0

   * Component: Keil::Device:Startup:1.0.1
      Source file:   Device\Source\ARM\startup_TM4C123.s
      Include file:  Device\Include\TM4C123\TM4C123.h
      Source file:   Device\Source\system_TM4C123.c
Build Time Elapsed:  00:00:03
</pre>
</body>
</html>
